ca65 V2.17 - Debian 2.17-1
Main file   : kernel.s
Current file: kernel.s

000000r 1               ; __        __  __    __         ______                                                 __
000000r 1               ;|  \      |  \|  \  |  \       /      \                                               |  \
000000r 1               ;| $$____   \$$| $$  | $$      |  $$$$$$\  ______   ______ ____    ______   __    __  _| $$_     ______    ______
000000r 1               ;| $$    \ |  \ \$$\/  $$      | $$   \$$ /      \ |      \    \  /      \ |  \  |  \|   $$ \   /      \  /      \
000000r 1               ;| $$$$$$$\| $$  >$$  $$       | $$      |  $$$$$$\| $$$$$$\$$$$\|  $$$$$$\| $$  | $$ \$$$$$$  |  $$$$$$\|  $$$$$$\
000000r 1               ;| $$  | $$| $$ /  $$$$\       | $$   __ | $$  | $$| $$ | $$ | $$| $$  | $$| $$  | $$  | $$ __ | $$    $$| $$   \$$
000000r 1               ;| $$  | $$| $$|  $$ \$$\      | $$__/  \| $$__/ $$| $$ | $$ | $$| $$__/ $$| $$__/ $$  | $$|  \| $$$$$$$$| $$
000000r 1               ;| $$  | $$| $$| $$  | $$       \$$    $$ \$$    $$| $$ | $$ | $$| $$    $$ \$$    $$   \$$  $$ \$$     \| $$
000000r 1               ; \$$   \$$ \$$ \$$   \$$        \$$$$$$   \$$$$$$  \$$  \$$  \$$| $$$$$$$   \$$$$$$     \$$$$   \$$$$$$$ \$$
000000r 1               ;                                                                | $$
000000r 1               ;                                                                | $$
000000r 1               ;                                                                 \$$
000000r 1               ;
000000r 1               ; Build 0.0.3 20181206
000000r 1               ; Author: Henrique Ribeiro
000000r 1               ; E-mail: henrique.hit@gmail.com
000000r 1               
000000r 1               		; set CPU
000000r 1               		.setcpu "6502"
000000r 1               
000000r 1               		; Interrupts on 6502
000000r 1               		; NMI   $FFFA/$FFFB
000000r 1               		; RESET $FFFC/$FFFD
000000r 1               		; IRQ	$FFFE/$FFFF
000000r 1               		.segment "VECTORS"
000000r 1               
000000r 1  rr rr        		.word loop
000002r 1  rr rr        		.word loop
000004r 1  rr rr        		.word loop
000006r 1               
000006r 1               		.code
000000r 1               
000000r 1  A9 12        loop:   lda #$12
000002r 1  4C rr rr             jmp loop
000005r 1               
000005r 1               
000005r 1               
000005r 1               
